----------------------------------------
2012-12-12T10:10:10
----------------------------------------
toothbrush                          1.98
  0.99 * 2

Total:                              1.98
