----------------------------------------
2012-12-12T10:10:10
----------------------------------------
apples                              4.58
  1.99 * 2.300

Total:                              4.58
