----------------------------------------
2012-12-12T10:10:10
----------------------------------------
toothbrush                          0.99

Total:                              0.99
