----------------------------------------
2012-12-12T10:10:10
----------------------------------------
3 for 2 (apples)                   -0.99

Total:                             -0.99
