----------------------------------------
2012-12-12T10:10:10
----------------------------------------
toothbrush                          0.99
rice                                2.99

Total:                              3.98
