----------------------------------------
2012-12-12T10:10:10
----------------------------------------
apples                              7.96
  1.99 * 4.000

Total:                              7.96
