----------------------------------------
2012-12-12T10:10:10
----------------------------------------
rice                                2.99
10.0% off (rice)                   -0.30

Total:                              2.69
