----------------------------------------
2012-12-12T10:10:10
----------------------------------------
apples                              0.99
  1.99 * 0.500

Total:                              0.99
