----------------------------------------
2012-12-12T10:10:10
----------------------------------------

Total:                              0.00
