----------------------------------------
2012-12-12T10:10:10
----------------------------------------
toothbrush                          0.99
toothbrush                          0.99
toothbrush                          0.99
toothbrush                          0.99
toothbrush                          0.99
3 for 2 (toothbrush)               -0.99

Total:                              3.96
