----------------------------------------
Receipt date:           [date]
----------------------------------------
cherry tomato box                   0.69

Total:                              0.69
