----------------------------------------
Receipt date:           [date]
----------------------------------------

Total:                              0.00
