apples                             4.975
  1.990 * 2.500

Total:                             4.975